﻿node.exe : 
[2m11:09:24 pm[22m 
[33m[1m[vite][22m[3
9m [33mwarning: 
`esbuild` option was 
specified by 
"vite:react-babel" 
plugin. This option 
is deprecated, please 
use `oxc` 
instead.[39m
At C:\Program Files\no
dejs\npx.ps1:29 char:3
+   & $NODE_EXE 
$NPX_CLI_JS $args
+   ~~~~~~~~~~~~~~~~~~
~~~~~~~~~~~
    + CategoryInfo    
          : NotSpeci  
  fied: ([2m11:09:   
 24 pm...` instead    
.[39m:String) []    
, RemoteException
    + FullyQualifiedE 
   rrorId : NativeCo  
  mmandError
 
`optimizeDeps.rollupOp
tions` / `ssr.optimize
Deps.rollupOptions` 
is deprecated. Use `op
timizeDeps.rolldownOpt
ions` instead. Note 
that this option may 
be set by a plugin. 
Set VITE_DEPRECATION_T
RACE=1 to see where 
it is called.
[vite:react-babel] We 
recommend switching 
to `@vitejs/plugin-rea
ct-oxc` for improved 
performance. More 
information at https:/
/vite.dev/rolldown
[36mvite v8.0.2 [32mbuilding client environment for production...[36m[39m
[2K
transforming...Γ£ô 2664 modules transformed.
[31mΓ£ù[39m Build 
failed in 1.54s
[31merror during 
build:
[31mBuild failed 
with 1 error:

[plugin vite:css] D:/f
insight-ai/frontend/sr
c/index.css:60:4
CssSyntaxError: 
[postcss] D:/finsight-
ai/frontend/src/index.
css:60:5: The 
`border-white/8` 
class does not exist. 
If `border-white/8` 
is a custom class, 
make sure it is 
defined within a 
`@layer` directive.
    at Input.error (D:
\finsight-ai\frontend\
node_modules\postcss\l
ib\input.js:135:16)
    at AtRule.error (D
:\finsight-ai\frontend
\node_modules\postcss\
lib\node.js:146:32)
    at processApply (D
:\finsight-ai\frontend
\node_modules\tailwind
css\lib\lib\expandAppl
yAtRules.js:380:29)
    at D:\finsight-ai\
frontend\node_modules\
tailwindcss\lib\lib\ex
pandApplyAtRules.js:55
1:9
    at D:\finsight-ai\
frontend\node_modules\
tailwindcss\lib\proces
sTailwindFeatures.js:5
5:50
    at async plugins (
D:\finsight-ai\fronten
d\node_modules\tailwin
dcss\lib\plugin.js:38:
17)
    at async 
LazyResult.runAsync (D
:\finsight-ai\frontend
\node_modules\postcss\
lib\lazy-result.js:293
:11)
    at async 
runPostCSS (file:///D:
/finsight-ai/frontend/
node_modules/vite/dist
/node/chunks/node.js:2
0944:19)
    at async 
compilePostCSS (file:/
//D:/finsight-ai/front
end/node_modules/vite/
dist/node/chunks/node.
js:20928:6)
    at async 
compileCSS (file:///D:
/finsight-ai/frontend/
node_modules/vite/dist
/node/chunks/node.js:2
0858:26)[31m
    at aggregateBindin
gErrorsIntoJsError (fi
le:///D:/finsight-ai/f
rontend/node_modules/r
olldown/dist/shared/er
ror-D8cGyrC7.mjs:48:18
)
    at 
unwrapBindingResult (f
ile:///D:/finsight-ai/
frontend/node_modules/
rolldown/dist/shared/e
rror-D8cGyrC7.mjs:18:1
28)
    at #build (file://
/D:/finsight-ai/fronte
nd/node_modules/rolldo
wn/dist/shared/rolldow
n-build-CL9PyQ2E.mjs:3
313:34)
    at async 
buildEnvironment (file
:///D:/finsight-ai/fro
ntend/node_modules/vit
e/dist/node/chunks/nod
e.js:32829:64)
    at async 
Object.build (file:///
D:/finsight-ai/fronten
d/node_modules/vite/di
st/node/chunks/node.js
:33251:19)
    at async 
Object.buildApp (file:
///D:/finsight-ai/fron
tend/node_modules/vite
/dist/node/chunks/node
.js:33248:153)
    at async 
CAC.<anonymous> (file:
///D:/finsight-ai/fron
tend/node_modules/vite
/dist/node/cli.js:778:
3) {
  errors: 
[Getter/Setter]
}[39m
